// Jest Snapshot v1, https://goo.gl/fbAQLP

exports[`<MenuVersionSelect /> render corectly 1`] = `
.c0 {
  background: #222020;
  bottom: 0;
  left: 0;
  padding: 2rem 1.5rem;
  position: absolute;
  width: 100%;
}

.c0 select {
  display: block;
  border: none;
  border-radius: 0.25rem;
  background: #fff;
  width: 100%;
  font-size: 100%;
  padding: 0.312rem 1.125rem 0.375rem 0.25rem;
}

.c1 {
  position: absolute;
  width: 1px;
  height: 1px;
  padding: 0;
  margin: -1px;
  overflow: hidden;
  -webkit-clip: rect(0,0,0,0);
  clip: rect(0,0,0,0);
  white-space: nowrap;
  border: 0;
}

<div
  className="c0"
>
  <label
    className="c1"
  >
    older tags:
  </label>
  <select
    defaultValue="default"
    onChange={[Function]}
  >
    <option
      value="default"
    >
      -- Choose version --
    </option>
    <option
      value="https://mozaic.adeo.cloud/"
    >
      latest release
    </option>
    <option
      value="http://1"
    >
      1
    </option>
    <option
      value="http://2"
    >
      2
    </option>
  </select>
</div>
`;
