// Jest Snapshot v1, https://goo.gl/fbAQLP

exports[`<Code /> 1`] = `
.c4 {
  width: 1.2rem;
  height: 1.2rem;
  box-sizing: border-box;
  cursor: pointer;
  background: rgb(42,39,52);
  box-shadow: none;
  border: none;
  position: absolute;
  right: 1.1rem;
  top: 6px;
  outline: none;
  padding: 0.1rem;
}

.c4 svg {
  overflow: visible;
}

.c3 {
  min-height: 1em;
}

.c3:before {
  display: inline-block;
  width: 3em;
  overflow: hidden;
  font-size: 0.8em;
}

.c2 {
  max-width: 100%;
  overflow: auto;
  margin: 0 !important;
  white-space: pre-wrap;
  border: none !important;
}

.c0 {
  position: relative;
}

.c1 {
  margin-bottom: 0 !important;
  margin-top: 0 !important;
  position: auto !important;
  padding: 1rem 1rem 0.4rem 1rem !important;
}

<div
  className="c0"
>
  <pre
    className="c1 prism-code language-"
  >
    <code
      className="c2 prism-code language-"
      style={Object {}}
    >
      <div
        className="c3 token-line"
      >
        <span
          className="token plain"
        >
          @import 'settings-tools/_all-settings';
        </span>
      </div>
    </code>
  </pre>
  <button
    className="c4"
    onClick={[Function]}
  >
    <svg
      fill="#ececec"
      height="0.8rem"
      style={Object {}}
      viewBox="0 0 16 16"
      width="0.8rem"
      xmlns="http://www.w3.org/2000/svg"
      xmlnsXlink="http://www.w3.org/1999/xlink"
    >
      <path
        d="M10 4v-4h-7l-3 3v9h6v4h10v-12h-6zM3 1.414v1.586h-1.586l1.586-1.586zM1 11v-7h3v-3h5v3l-3 3v4h-5zM9 5.414v1.586h-1.586l1.586-1.586zM15 15h-8v-7h3v-3h5v10z"
        fill="#ececec"
      />
    </svg>
  </button>
</div>
`;
