// Jest Snapshot v1, https://goo.gl/fbAQLP

exports[`<Changelog /> render corectly 1`] = `
.c0 h2 {
  margin-top: 2em;
}

.c0 h2,
.c0 h3 {
  margin-bottom: 1em !important;
}

.c0 h3 {
  margin-top: 1.5em !important;
  line-height: 1;
}

.c1 {
  padding-bottom: 2em;
  border-bottom: solid 1px #c3c3c3;
}

.c2 {
  font-size: 0.8rem;
  padding-bottom: 2em;
  border-bottom: solid 1px #c3c3c3;
}

<div
  className="c0"
>
  <div
    className="c1"
    dangerouslySetInnerHTML={
      Object {
        "__html": "<div>v1.0.1-alpha.31</div>",
      }
    }
  />
  <div
    className="c2"
    dangerouslySetInnerHTML={
      Object {
        "__html": "<div>v1.0.1-alpha.30</div>",
      }
    }
  />
  <div
    className="c2"
    dangerouslySetInnerHTML={
      Object {
        "__html": "<div>v1.0.1-alpha.28</div>",
      }
    }
  />
  <div
    className="c2"
    dangerouslySetInnerHTML={
      Object {
        "__html": "<div>v1.0.1-alpha.26</div>",
      }
    }
  />
</div>
`;
