// Jest Snapshot v1, https://goo.gl/fbAQLP

exports[`reactIcon reactIcon create a file with a list of exported icons 1`] = `
"/*
DON'T EDIT THIS FILE
It was auto-generated by \\"iconCompiler\\" script
*/

import React from 'react'

export const ArrowArrowTop16 = 
    ({fill, size = '1rem', ...rest}) => (<svg width={size} height={size} {...rest} fill={fill}></svg>)

export const FullScreen24 = 
    ({fill, size = '1.5rem', ...rest}) => (<svg width={size} height={size} {...rest} fill={fill}></svg>)"
`;
